PS C:\Users\bb-11\OneDrive\Desktop\サムライ> mkdir git_challenge    


    ディレクトリ: C:\Users\bb-11\OneDrive\Desktop\サムライ


Mode                 LastWriteTime         Length Name
----                 -------------         ------ ----
d-----        2024/11/30     11:13                git_challenge


PS C:\Users\bb-11\OneDrive\Desktop\サムライ> cd C:\Users\bb-11\OneDrive\Desktop\サムライ\git_challenge
PS C:\Users\bb-11\OneDrive\Desktop\サムライ\git_challenge> git init
Initialized empty Git repository in C:/Users/bb-11/OneDrive/Desktop/サムライ/git_challenge/.git/
PS C:\Users\bb-11\OneDrive\Desktop\サムライ\git_challenge> git add hello_world.txt
PS C:\Users\bb-11\OneDrive\Desktop\サムライ\git_challenge> git commit -m "hello_world.txtを追加"
[main (root-commit) fe988d9] hello_world.txtを追加
 1 file changed, 1 insertion(+)
 create mode 100644 hello_world.txt
PS C:\Users\bb-11\OneDrive\Desktop\サムライ\git_challenge> git add hello_world.txt
PS C:\Users\bb-11\OneDrive\Desktop\サムライ\git_challenge> git commit -m "日本語訳を追記"       
[main 6bf4f3c] 日本語訳を追記
 1 file changed, 2 insertions(+), 1 deletion(-)
PS C:\Users\bb-11\OneDrive\Desktop\サムライ\git_challenge> git log --oneline
6bf4f3c (HEAD -> main) 日本語訳を追記
fe988d9 hello_world.txtを追加